MPLINK 4.41, Linker
Linker Map File - Created Wed Jan 31 19:32:45 2018

                                 Section Info
                  Section       Type    Address   Location Size(Bytes)
                ---------  ---------  ---------  ---------  ---------
                   .org_0       code   0x000000    program   0x000054
      .config_2007_SAMP.O       code   0x002007    program   0x000002



                              Program Memory Usage 
                               Start         End      
                           ---------   ---------      
                            0x000000    0x000029      
                            0x002007    0x002007      
            43 out of 8454 program addresses used, program memory utilization is 0%



                              Symbols - Sorted by Name
                     Name    Address   Location    Storage File                     
                ---------  ---------  ---------  --------- ---------                
                 ADDITION   0x00001b    program     static J:\Academics\Spring\2018\Realtime\SE-4130\Lab1\samp.asm
                MAIN_LOOP   0x00000d    program     static J:\Academics\Spring\2018\Realtime\SE-4130\Lab1\samp.asm
                   OUTPUT   0x000020    program     static J:\Academics\Spring\2018\Realtime\SE-4130\Lab1\samp.asm
              SUBTRACTION   0x00001e    program     static J:\Academics\Spring\2018\Realtime\SE-4130\Lab1\samp.asm



                              Symbols - Sorted by Address
                     Name    Address   Location    Storage File                     
                ---------  ---------  ---------  --------- ---------                
                MAIN_LOOP   0x00000d    program     static J:\Academics\Spring\2018\Realtime\SE-4130\Lab1\samp.asm
                 ADDITION   0x00001b    program     static J:\Academics\Spring\2018\Realtime\SE-4130\Lab1\samp.asm
              SUBTRACTION   0x00001e    program     static J:\Academics\Spring\2018\Realtime\SE-4130\Lab1\samp.asm
                   OUTPUT   0x000020    program     static J:\Academics\Spring\2018\Realtime\SE-4130\Lab1\samp.asm


