MPLINK 4.41, Linker
Linker Map File - Created Mon Feb 12 12:51:26 2018

                                 Section Info
                  Section       Type    Address   Location Size(Bytes)
                ---------  ---------  ---------  ---------  ---------
                   .org_0       code   0x000000    program   0x000072
      .config_2007_LAB2.O       code   0x002007    program   0x000002



                              Program Memory Usage 
                               Start         End      
                           ---------   ---------      
                            0x000000    0x000038      
                            0x002007    0x002007      
            58 out of 8454 program addresses used, program memory utilization is 0%



                              Symbols - Sorted by Name
                     Name    Address   Location    Storage File                     
                ---------  ---------  ---------  --------- ---------                
                DELAY_SEC   0x000032    program     static J:\Academics\Spring\2018\Realtime\SE-4130\Lab2\lab2.asm
             DISPLAY_MODE   0x000010    program     static J:\Academics\Spring\2018\Realtime\SE-4130\Lab2\lab2.asm
            GETBITPATTERN   0x000011    program     static J:\Academics\Spring\2018\Realtime\SE-4130\Lab2\lab2.asm
                INNERLOOP   0x000034    program     static J:\Academics\Spring\2018\Realtime\SE-4130\Lab2\lab2.asm
                MAIN_LOOP   0x00000e    program     static J:\Academics\Spring\2018\Realtime\SE-4130\Lab2\lab2.asm
                  MA_MODE   0x000010    program     static J:\Academics\Spring\2018\Realtime\SE-4130\Lab2\lab2.asm



                              Symbols - Sorted by Address
                     Name    Address   Location    Storage File                     
                ---------  ---------  ---------  --------- ---------                
                MAIN_LOOP   0x00000e    program     static J:\Academics\Spring\2018\Realtime\SE-4130\Lab2\lab2.asm
             DISPLAY_MODE   0x000010    program     static J:\Academics\Spring\2018\Realtime\SE-4130\Lab2\lab2.asm
                  MA_MODE   0x000010    program     static J:\Academics\Spring\2018\Realtime\SE-4130\Lab2\lab2.asm
            GETBITPATTERN   0x000011    program     static J:\Academics\Spring\2018\Realtime\SE-4130\Lab2\lab2.asm
                DELAY_SEC   0x000032    program     static J:\Academics\Spring\2018\Realtime\SE-4130\Lab2\lab2.asm
                INNERLOOP   0x000034    program     static J:\Academics\Spring\2018\Realtime\SE-4130\Lab2\lab2.asm


