MPLINK 4.41, Linker
Linker Map File - Created Fri Feb 16 14:56:48 2018

                                 Section Info
                  Section       Type    Address   Location Size(Bytes)
                ---------  ---------  ---------  ---------  ---------
                   .org_0       code   0x000000    program   0x00010a
      .config_2007_LAB2.O       code   0x002007    program   0x000002



                              Program Memory Usage 
                               Start         End      
                           ---------   ---------      
                            0x000000    0x000084      
                            0x002007    0x002007      
            134 out of 8454 program addresses used, program memory utilization is 1%



                              Symbols - Sorted by Name
                     Name    Address   Location    Storage File                     
                ---------  ---------  ---------  --------- ---------                
                DELAY_SEC   0x000076    program     static J:\Academics\Spring\2018\Realtime\SE-4130\Lab2\lab2.asm
             DISPLAY_MODE   0x000013    program     static J:\Academics\Spring\2018\Realtime\SE-4130\Lab2\lab2.asm
            GETBITPATTERN   0x000046    program     static J:\Academics\Spring\2018\Realtime\SE-4130\Lab2\lab2.asm
               INNER_LOOP   0x00007c    program     static J:\Academics\Spring\2018\Realtime\SE-4130\Lab2\lab2.asm
                MAIN_LOOP   0x000011    program     static J:\Academics\Spring\2018\Realtime\SE-4130\Lab2\lab2.asm
                  MA_MODE   0x000020    program     static J:\Academics\Spring\2018\Realtime\SE-4130\Lab2\lab2.asm
              MODIFY_LOOP   0x000034    program     static J:\Academics\Spring\2018\Realtime\SE-4130\Lab2\lab2.asm
               OUTER_LOOP   0x00007a    program     static J:\Academics\Spring\2018\Realtime\SE-4130\Lab2\lab2.asm
              SETUPSTRING   0x000067    program     static J:\Academics\Spring\2018\Realtime\SE-4130\Lab2\lab2.asm
             STORE_STRING   0x00003f    program     static J:\Academics\Spring\2018\Realtime\SE-4130\Lab2\lab2.asm
                  TOO_BIG   0x000032    program     static J:\Academics\Spring\2018\Realtime\SE-4130\Lab2\lab2.asm
          VERY_OUTER_LOOP   0x000078    program     static J:\Academics\Spring\2018\Realtime\SE-4130\Lab2\lab2.asm



                              Symbols - Sorted by Address
                     Name    Address   Location    Storage File                     
                ---------  ---------  ---------  --------- ---------                
                MAIN_LOOP   0x000011    program     static J:\Academics\Spring\2018\Realtime\SE-4130\Lab2\lab2.asm
             DISPLAY_MODE   0x000013    program     static J:\Academics\Spring\2018\Realtime\SE-4130\Lab2\lab2.asm
                  MA_MODE   0x000020    program     static J:\Academics\Spring\2018\Realtime\SE-4130\Lab2\lab2.asm
                  TOO_BIG   0x000032    program     static J:\Academics\Spring\2018\Realtime\SE-4130\Lab2\lab2.asm
              MODIFY_LOOP   0x000034    program     static J:\Academics\Spring\2018\Realtime\SE-4130\Lab2\lab2.asm
             STORE_STRING   0x00003f    program     static J:\Academics\Spring\2018\Realtime\SE-4130\Lab2\lab2.asm
            GETBITPATTERN   0x000046    program     static J:\Academics\Spring\2018\Realtime\SE-4130\Lab2\lab2.asm
              SETUPSTRING   0x000067    program     static J:\Academics\Spring\2018\Realtime\SE-4130\Lab2\lab2.asm
                DELAY_SEC   0x000076    program     static J:\Academics\Spring\2018\Realtime\SE-4130\Lab2\lab2.asm
          VERY_OUTER_LOOP   0x000078    program     static J:\Academics\Spring\2018\Realtime\SE-4130\Lab2\lab2.asm
               OUTER_LOOP   0x00007a    program     static J:\Academics\Spring\2018\Realtime\SE-4130\Lab2\lab2.asm
               INNER_LOOP   0x00007c    program     static J:\Academics\Spring\2018\Realtime\SE-4130\Lab2\lab2.asm


