MPASM  5.43                          LAB2.ASM   2-16-2018  14:56:47         PAGE  1


LOC  OBJECT CODE     LINE SOURCE TEXT
  VALUE

                      00001 ;---------------------------------------------
                      00002 ; Lab 2.
                      00003 ; 
                      00004 ; Authors:
                      00005 ;    Grant Oberhauser
                      00006 ;    Grant Sanderson
                      00007 ;---------------------------------------------
                      00008 
                      00009     INCLUDE "P16F877A.inc"
                      00001         LIST
                      00002 
                      00003 ;==========================================================================
                      00004 ;  MPASM PIC16F877A processor include
                      00005 ; 
                      00006 ;  (c) Copyright 1999-2011 Microchip Technology, All rights reserved
                      00007 ;==========================================================================
                      00008 
                      00564         LIST
                      00010     LIST P=16F877A, R=DEC
                      00011     
                      00012     ; XT (slow) Oscillator, Watchdog disabled, other config bits off
2007   3F39           00013     __CONFIG _XT_OSC & _WDT_OFF & _CP_OFF & _BOREN_OFF & _LVP_OFF & _CPD_OFF
                      00014 
                      00015 ;-------------------------------
                      00016 ; Constants
                      00017 ;-------------------------------
                      00018 
  00000004            00019 MODE_PIN    EQU    4
  000000C8            00020 INNER_DELAY_AMOUNT  EQU 200
  000000F9            00021 OUTER_DELAY_AMOUNT  EQU 249
  00000004            00022 VERY_OUTER_DELAY_AMOUNT  EQU 4
                      00023 
  00000008            00024 MAX_STRING    EQU    8  
                      00025 
                      00026 
                      00027 ;-------------------------------
                      00028 ; Variables
                      00029 ;-------------------------------
  00000020            00030 INNER_DELAY EQU 32
  00000021            00031 OUTER_DELAY    EQU    33
  00000022            00032 VERY_DELAY    EQU 34
  00000023            00033 STRING_POS  EQU 35   ;Start at the 0 position of the string.
  00000024            00034 STRING_LEN    EQU    36
  00000025            00035 ARR_START   EQU 37     ;Nothing past this so we can grow easily
                      00036 
                      00037 
                      00038 ;Declare the string here.
                      00039     
                      00040     ; Set the I/O directions for port pins
                      00041     ; will get "messages" to "ensure bank bits okay"
0000   0186           00042     CLRF    PORTB                 ; 
0001   0187           00043     CLRF    PORTC                 ; 
0002   0188           00044     CLRF    PORTD    
MPASM  5.43                          LAB2.ASM   2-16-2018  14:56:47         PAGE  2


LOC  OBJECT CODE     LINE SOURCE TEXT
  VALUE

0003   1303           00045     BCF     STATUS, RP1            
0004   1683           00046     BSF     STATUS, RP0           ; Switch bank to bank 1
Message[302]: Register in operand not in bank 0.  Ensure that bank bits are correct.
0005   1381           00047     BCF     OPTION_REG, NOT_RBPU  ; weak pull-ups on Port B
0006   30FF           00048     MOVLW   B'11111111'           ; 1=input, 0=output
Message[302]: Register in operand not in bank 0.  Ensure that bank bits are correct.
0007   0086           00049     MOVWF   TRISB                 ; Set all PORB directions
0008   3000           00050     MOVLW   B'00000000'           ; 1=input, 0=output
Message[302]: Register in operand not in bank 0.  Ensure that bank bits are correct.
0009   0087           00051     MOVWF   TRISC                 ; Set all PORC directions
000A   30FF           00052     MOVLW   B'11111111'           ; 1=input, 0=output
Message[302]: Register in operand not in bank 0.  Ensure that bank bits are correct.
000B   0088           00053     MOVWF   TRISD                 ; Set all PORD directions
                      00054     
000C   1283           00055     BCF     STATUS, RP0           ; switch back to  bank 0
                      00056     
                      00057 
000D   2067           00058     CALL SETUPSTRING
                      00059 
                      00060     ;Initialize the STRING_POS variable. We're at the start.
000E   3000           00061     MOVLW    0
000F   00A3           00062     MOVWF    STRING_POS
                      00063 
                      00064     ;Delay for one second after startup.
0010   2076           00065     CALL    DELAY_SEC
                      00066 
0011                  00067 MAIN_LOOP:
                      00068     
                      00069     
0011   1A08           00070     BTFSC    PORTD, MODE_PIN        ;First, move port D to W to check our mode.
0012   2820           00071     GOTO MA_MODE
                      00072 
0013                  00073 DISPLAY_MODE:
                      00074 
                      00075 
0013   0823           00076     MOVF    STRING_POS, W           ;Check if we should loop back the string index.
                      00077 
0014   0224           00078     SUBWF    STRING_LEN, W
                      00079 
0015   1903           00080     BTFSC    STATUS, Z
0016   00A3           00081     MOVWF    STRING_POS
                      00082 
                      00083     
                      00084     ;Grab the current letter out of memory
0017   3025           00085     MOVLW    ARR_START              ;Load the start of the array
0018   0723           00086     ADDWF    STRING_POS, W          ;Offset the array address by our current position.
0019   0084           00087     MOVWF    FSR                    ;Put the final address into FSR
                      00088 
001A   0800           00089     MOVF    INDF, W                 ;Move the value of the address pointed to into W.
                      00090 
001B   2046           00091     CALL    GETBITPATTERN           ;Get the related 7-seg value.
                      00092 
001C   0087           00093     MOVWF    PORTC                  ;Finally, move the value to C.
MPASM  5.43                          LAB2.ASM   2-16-2018  14:56:47         PAGE  3


LOC  OBJECT CODE     LINE SOURCE TEXT
  VALUE

                      00094 
001D   2076           00095     CALL    DELAY_SEC
                      00096 
001E   0AA3           00097     INCF    STRING_POS, F           ; Increment string position
                      00098 
                      00099     
001F   2811           00100     GOTO MAIN_LOOP
                      00101 
0020                  00102 MA_MODE:
                      00103 
                      00104 
                      00105 
0020   3025           00106     MOVLW    ARR_START              ; Move the ARR_START position to W.
                      00107 
0021   0723           00108     ADDWF    STRING_POS, W          ; Add the string position to get the address to point to.
                      00109 
0022   0084           00110     MOVWF    FSR                    ; Move the value to FSR to acces through INDF
                      00111 
0023   0823           00112     MOVF    STRING_POS, W           ; Check if we should loop back the string index.
                      00113 
0024   0224           00114     SUBWF    STRING_LEN, W          ; Subtracting STRING_POS and STRING_LEN to see if they are equal.
                      00115 
0025   1D03           00116     BTFSS    STATUS, Z              ; Skip next line if they are equal.
0026   2834           00117     GOTO    MODIFY_LOOP             ; They are not equal, go to modify_loop.
                      00118 
0027   3008           00119     MOVLW    MAX_STRING             ; The length and position are equal. We are appending now. 
                      00120 
0028   0224           00121     SUBWF    STRING_LEN, W          ; Ensure the MAX_STRING size has not been reached yet. 
                      00122 
0029   1903           00123     BTFSC    STATUS, Z              ; Skip the next line if they are not equal
002A   2832           00124     GOTO    TOO_BIG                 ; This happens if MAX_STRING = STRING_LEN
                      00125     
002B   0AA4           00126     INCF    STRING_LEN, F           ; We haven't reached the max size yet, increment STRING_LEN
                      00127 
                      00128 
002C   3025           00129         MOVLW   ARR_START                               ; Load STRING_POS + ARR_START to FSR.
                      00130 
002D   0723           00131         ADDWF   STRING_POS, W                   ; (We already did this, but lets just do it again for cl
                            arity)
                      00132 
002E   0084           00133     MOVWF    FSR
                      00134 
002F   3000           00135     MOVLW    0                      ; Initialize the appending character as a space char.
                      00136 
0030   0080           00137     MOVWF    INDF                   ; Move into new position
                      00138 
0031   2834           00139     GOTO     MODIFY_LOOP
                      00140 
0032                  00141 TOO_BIG:
                      00142 
0032   3000           00143     MOVLW    0                      ; The string is at max size, simply loop STRING_POS to the front.
0033   00A3           00144     MOVWF    STRING_POS
                      00145 
MPASM  5.43                          LAB2.ASM   2-16-2018  14:56:47         PAGE  4


LOC  OBJECT CODE     LINE SOURCE TEXT
  VALUE

0034                  00146 MODIFY_LOOP:
                      00147 
0034   301F           00148     MOVLW    B'00011111'            ; Loading a mask for PORTB
                      00149 
0035   0506           00150     ANDWF    PORTB, W               ; Load PORTB by masking.
                      00151 
0036   2046           00152     CALL    GETBITPATTERN           ; Get the character PORTB value maps to.
                      00153 
0037   0087           00154     MOVWF    PORTC                  ; MOVE the character to PORTC to display on 7-segment.
                      00155 
0038   1C08           00156     BTFSS    PORTD, 0               ; Is PORT D bit 0 cleared?
0039   283F           00157     GOTO    STORE_STRING            ; If it is cleared, store the string.
                      00158 
003A   1A08           00159     BTFSC    PORTD, 4               ; Is PORT D bit 4 cleared?
003B   2834           00160     GOTO    MODIFY_LOOP             ; If it is not cleared, keep looping.
                      00161 
003C   3000           00162     MOVLW    0                      ; Otherwise, reset STRING_POS and return to the main loop.
                      00163     
003D   00A3           00164     MOVWF    STRING_POS
                      00165 
003E   2811           00166     GOTO    MAIN_LOOP
                      00167 
003F                  00168 STORE_STRING:
                      00169 
                      00170 
003F   3025           00171         MOVLW    ARR_START                              ; Load STRING_POS + ARR_START to FSR.  
                      00172 
0040   0723           00173         ADDWF    STRING_POS, W                  ; (We already did this, but lets just do it again for cl
                            arity)
                      00174 
0041   0084           00175     MOVWF    FSR
                      00176 
0042   301F           00177     MOVLW    B'00011111'            ; MASK PORTB
                      00178 
0043   0506           00179     ANDWF    PORTB, W
                      00180 
0044   0080           00181     MOVWF    INDF                   ; Store to current string position.
                      00182 
0045   2834           00183     GOTO     MODIFY_LOOP
                      00184 
                      00185 ; Returns bit pattern for given number
0046                  00186 GETBITPATTERN:
0046   0782           00187     ADDWF    PCL, F         ; jump to correct position
0047   3408           00188     RETLW    B'00001000'    ;  0 = space  (looks like underscore)
0048   3477           00189     RETLW    B'01110111'    ;  1 = A
0049   341F           00190     RETLW    B'00011111'    ;  2 = b
004A   344D           00191     RETLW    B'01001101'    ;  3 = C
004B   343E           00192     RETLW    B'00111110'    ;  4 = d 
004C   344F           00193     RETLW    B'01001111'    ;  5 = E
004D   3447           00194     RETLW    B'01000111'    ;  6 = F
004E   345D           00195     RETLW    B'01011101'    ;  7 = G
004F   3437           00196     RETLW    B'00110111'    ;  8 = H
0050   3430           00197     RETLW    B'00110000'    ;  9 = I
MPASM  5.43                          LAB2.ASM   2-16-2018  14:56:47         PAGE  5


LOC  OBJECT CODE     LINE SOURCE TEXT
  VALUE

0051   3438           00198     RETLW    B'00111000'    ; 10 = J
0052   3402           00199     RETLW    B'00000010'    ; 11 = K = unimplemented
0053   340D           00200     RETLW    B'00001101'    ; 12 = L
0054   3402           00201     RETLW    B'00000010'    ; 13 = M = unimplemented
0055   3416           00202     RETLW    B'00010110'    ; 14 = n
0056   347D           00203     RETLW    B'01111101'    ; 15 = O
0057   3467           00204     RETLW    B'01100111'    ; 16 = P
0058   3402           00205     RETLW    B'00000010'    ; 17 = Q = unimplemented
0059   3445           00206     RETLW    B'01000101'    ; 18 = r
005A   345B           00207     RETLW    B'01011011'    ; 19 = S
005B   340F           00208     RETLW    B'00001111'    ; 20 = t
005C   343D           00209     RETLW    B'00111101'    ; 21 = U
005D   3402           00210     RETLW    B'00000010'    ; 22 = V = unimplemented
005E   3402           00211     RETLW    B'00000010'    ; 23 = W = unimplemented
005F   3402           00212     RETLW    B'00000010'    ; 24 = X = unimplemented
0060   343B           00213     RETLW    B'00111011'    ; 25 = y
0061   346E           00214     RETLW    B'01101110'    ; 26 = Z
0062   3402           00215     RETLW    B'00000010'    ; 27 = unimplemented
0063   3402           00216     RETLW    B'00000010'    ; 28 = unimplemented
0064   3402           00217     RETLW    B'00000010'    ; 29 = unimplemented
0065   3402           00218     RETLW    B'00000010'    ; 30 = unimplemented
0066   3402           00219     RETLW    B'00000010'    ; 31 = unimplemented
                      00220 
0067                  00221 SETUPSTRING:
                      00222 
0067   3007           00223     MOVLW  7             ; G
0068   00A5           00224     MOVWF  ARR_START
0069   3012           00225     MOVLW  18            ; R
006A   00A6           00226     MOVWF  ARR_START + 1
006B   3001           00227     MOVLW  1             ; A
006C   00A7           00228     MOVWF  ARR_START + 2
006D   300E           00229     MOVLW  14            ; N
006E   00A8           00230     MOVWF  ARR_START + 3
006F   3014           00231     MOVLW  20            ; T
0070   00A9           00232     MOVWF  ARR_START + 4
0071   3013           00233     MOVLW  19            ; S
0072   00AA           00234     MOVWF  ARR_START + 5
                      00235 
                      00236 
0073   3006           00237     MOVLW  6            ; String Length
0074   00A4           00238     MOVWF  STRING_LEN
0075   0008           00239     RETURN
                      00240 
0076                  00241 DELAY_SEC:
                      00242 
                      00243         ; Delay is : VERY_DELAY * (2 + (2 + INNER_DELAY * 5 + 4) * OUTER_DELAY + 4) cycles
                      00244 
                      00245         ; Values are: VERY_DELAY = 4
                      00246         ;                         OUTER_DELAY = 200
                      00247         ;             INNER_DELAY = 249                           
                      00248 
                      00249         ; This gives us 1,002,000 cycles. One second is 1,000,000 cycles at 4 MHz
                      00250 
MPASM  5.43                          LAB2.ASM   2-16-2018  14:56:47         PAGE  6


LOC  OBJECT CODE     LINE SOURCE TEXT
  VALUE

0076   3004           00251     MOVLW  VERY_OUTER_DELAY_AMOUNT      ; Load the first layer delay value.
0077   00A2           00252     MOVWF  VERY_DELAY
0078                  00253 VERY_OUTER_LOOP:
                      00254 
0078   30F9           00255     MOVLW  OUTER_DELAY_AMOUNT           ; Load the second layer delay value.
0079   00A1           00256     MOVWF  OUTER_DELAY
007A                  00257 OUTER_LOOP:    
007A   30C8           00258     MOVLW  INNER_DELAY_AMOUNT           ; Load the third layer delay value.
007B   00A0           00259     MOVWF  INNER_DELAY
007C                  00260 INNER_LOOP: 
007C   0000           00261     NOP                                 ; 2 NOPS to make the math work out.
007D   0000           00262     NOP
Message[305]: Using default destination of 1 (file).
007E   0BA0           00263     DECFSZ  INNER_DELAY                 ; Decrement and loop for the third layer loop
007F   287C           00264     GOTO    INNER_LOOP
                      00265     
Message[305]: Using default destination of 1 (file).
0080   0BA1           00266     DECFSZ  OUTER_DELAY                 ; Decrement and loop for the second layer loop
0081   287A           00267     GOTO    OUTER_LOOP
                      00268 
Message[305]: Using default destination of 1 (file).
0082   0BA2           00269     DECFSZ  VERY_DELAY                  ; Decrement and loop for the first looop
0083   2878           00270     GOTO    VERY_OUTER_LOOP
                      00271 
                      00272 
0084   0008           00273     RETURN
                      00274 
Warning[205]: Found directive in column 1. (END)
                      00275 END
MPASM  5.43                          LAB2.ASM   2-16-2018  14:56:47         PAGE  7


SYMBOL TABLE
  LABEL                             VALUE 

ACKDT                             00000005
ACKEN                             00000004
ACKSTAT                           00000006
ADCON0                            0000001F
ADCON1                            0000009F
ADCS0                             00000006
ADCS1                             00000007
ADCS2                             00000006
ADDEN                             00000003
ADFM                              00000007
ADIE                              00000006
ADIF                              00000006
ADON                              00000000
ADRESH                            0000001E
ADRESL                            0000009E
ARR_START                         00000025
BCLIE                             00000003
BCLIF                             00000003
BF                                00000000
BRGH                              00000002
C                                 00000000
C1INV                             00000004
C1OUT                             00000006
C2INV                             00000005
C2OUT                             00000007
CCP1CON                           00000017
CCP1IE                            00000002
CCP1IF                            00000002
CCP1M0                            00000000
CCP1M1                            00000001
CCP1M2                            00000002
CCP1M3                            00000003
CCP1X                             00000005
CCP1Y                             00000004
CCP2CON                           0000001D
CCP2IE                            00000000
CCP2IF                            00000000
CCP2M0                            00000000
CCP2M1                            00000001
CCP2M2                            00000002
CCP2M3                            00000003
CCP2X                             00000005
CCP2Y                             00000004
CCPR1                             00000015
CCPR1H                            00000016
CCPR1L                            00000015
CCPR2                             0000001B
CCPR2H                            0000001C
CCPR2L                            0000001B
CHS0                              00000003
CHS1                              00000004
CHS2                              00000005
CIS                               00000003
MPASM  5.43                          LAB2.ASM   2-16-2018  14:56:47         PAGE  8


SYMBOL TABLE
  LABEL                             VALUE 

CKE                               00000006
CKP                               00000004
CM0                               00000000
CM1                               00000001
CM2                               00000002
CMCON                             0000009C
CMIE                              00000006
CMIF                              00000006
CREN                              00000004
CSRC                              00000007
CVR0                              00000000
CVR1                              00000001
CVR2                              00000002
CVR3                              00000003
CVRCON                            0000009D
CVREN                             00000007
CVROE                             00000006
CVRR                              00000005
D                                 00000005
DATA_ADDRESS                      00000005
DC                                00000001
DELAY_SEC                         00000076
DISPLAY_MODE                      00000013
D_A                               00000005
D_NOT_A                           00000005
EEADR                             0000010D
EEADRH                            0000010F
EECON1                            0000018C
EECON2                            0000018D
EEDATA                            0000010C
EEDATH                            0000010E
EEIE                              00000004
EEIF                              00000004
EEPGD                             00000007
F                                 00000001
FERR                              00000002
FSR                               00000004
GCEN                              00000007
GETBITPATTERN                     00000046
GIE                               00000007
GO                                00000002
GO_DONE                           00000002
GO_NOT_DONE                       00000002
I2C_DATA                          00000005
I2C_READ                          00000002
I2C_START                         00000003
I2C_STOP                          00000004
IBF                               00000007
IBOV                              00000005
INDF                              00000000
INNER_DELAY                       00000020
INNER_DELAY_AMOUNT                000000C8
INNER_LOOP                        0000007C
MPASM  5.43                          LAB2.ASM   2-16-2018  14:56:47         PAGE  9


SYMBOL TABLE
  LABEL                             VALUE 

INTCON                            0000000B
INTE                              00000004
INTEDG                            00000006
INTF                              00000001
IRP                               00000007
MAIN_LOOP                         00000011
MAX_STRING                        00000008
MA_MODE                           00000020
MODE_PIN                          00000004
MODIFY_LOOP                       00000034
NOT_A                             00000005
NOT_ADDRESS                       00000005
NOT_BO                            00000000
NOT_BOR                           00000000
NOT_DONE                          00000002
NOT_PD                            00000003
NOT_POR                           00000001
NOT_RBPU                          00000007
NOT_RC8                           00000006
NOT_T1SYNC                        00000002
NOT_TO                            00000004
NOT_TX8                           00000006
NOT_W                             00000002
NOT_WRITE                         00000002
OBF                               00000006
OERR                              00000001
OPTION_REG                        00000081
OUTER_DELAY                       00000021
OUTER_DELAY_AMOUNT                000000F9
OUTER_LOOP                        0000007A
P                                 00000004
PCFG0                             00000000
PCFG1                             00000001
PCFG2                             00000002
PCFG3                             00000003
PCL                               00000002
PCLATH                            0000000A
PCON                              0000008E
PEIE                              00000006
PEN                               00000002
PIE1                              0000008C
PIE2                              0000008D
PIR1                              0000000C
PIR2                              0000000D
PORTA                             00000005
PORTB                             00000006
PORTC                             00000007
PORTD                             00000008
PORTE                             00000009
PR2                               00000092
PS0                               00000000
PS1                               00000001
PS2                               00000002
MPASM  5.43                          LAB2.ASM   2-16-2018  14:56:47         PAGE 10


SYMBOL TABLE
  LABEL                             VALUE 

PSA                               00000003
PSPIE                             00000007
PSPIF                             00000007
PSPMODE                           00000004
R                                 00000002
RA0                               00000000
RA1                               00000001
RA2                               00000002
RA3                               00000003
RA4                               00000004
RA5                               00000005
RB0                               00000000
RB1                               00000001
RB2                               00000002
RB3                               00000003
RB4                               00000004
RB5                               00000005
RB6                               00000006
RB7                               00000007
RBIE                              00000003
RBIF                              00000000
RC0                               00000000
RC1                               00000001
RC2                               00000002
RC3                               00000003
RC4                               00000004
RC5                               00000005
RC6                               00000006
RC7                               00000007
RC8_9                             00000006
RC9                               00000006
RCD8                              00000000
RCEN                              00000003
RCIE                              00000005
RCIF                              00000005
RCREG                             0000001A
RCSTA                             00000018
RD                                00000000
RD0                               00000000
RD1                               00000001
RD2                               00000002
RD3                               00000003
RD4                               00000004
RD5                               00000005
RD6                               00000006
RD7                               00000007
RE0                               00000000
RE1                               00000001
RE2                               00000002
READ_WRITE                        00000002
RP0                               00000005
RP1                               00000006
RSEN                              00000001
MPASM  5.43                          LAB2.ASM   2-16-2018  14:56:47         PAGE 11


SYMBOL TABLE
  LABEL                             VALUE 

RX9                               00000006
RX9D                              00000000
R_NOT_W                           00000002
R_W                               00000002
S                                 00000003
SEN                               00000000
SETUPSTRING                       00000067
SMP                               00000007
SPBRG                             00000099
SPEN                              00000007
SREN                              00000005
SSPADD                            00000093
SSPBUF                            00000013
SSPCON                            00000014
SSPCON2                           00000091
SSPEN                             00000005
SSPIE                             00000003
SSPIF                             00000003
SSPM0                             00000000
SSPM1                             00000001
SSPM2                             00000002
SSPM3                             00000003
SSPOV                             00000006
SSPSTAT                           00000094
STATUS                            00000003
STORE_STRING                      0000003F
STRING_LEN                        00000024
STRING_POS                        00000023
SYNC                              00000004
T0CS                              00000005
T0IE                              00000005
T0IF                              00000002
T0SE                              00000004
T1CKPS0                           00000004
T1CKPS1                           00000005
T1CON                             00000010
T1INSYNC                          00000002
T1OSCEN                           00000003
T1SYNC                            00000002
T2CKPS0                           00000000
T2CKPS1                           00000001
T2CON                             00000012
TMR0                              00000001
TMR0IE                            00000005
TMR0IF                            00000002
TMR1CS                            00000001
TMR1H                             0000000F
TMR1IE                            00000000
TMR1IF                            00000000
TMR1L                             0000000E
TMR1ON                            00000000
TMR2                              00000011
TMR2IE                            00000001
MPASM  5.43                          LAB2.ASM   2-16-2018  14:56:47         PAGE 12


SYMBOL TABLE
  LABEL                             VALUE 

TMR2IF                            00000001
TMR2ON                            00000002
TOO_BIG                           00000032
TOUTPS0                           00000003
TOUTPS1                           00000004
TOUTPS2                           00000005
TOUTPS3                           00000006
TRISA                             00000085
TRISA0                            00000000
TRISA1                            00000001
TRISA2                            00000002
TRISA3                            00000003
TRISA4                            00000004
TRISA5                            00000005
TRISB                             00000086
TRISB0                            00000000
TRISB1                            00000001
TRISB2                            00000002
TRISB3                            00000003
TRISB4                            00000004
TRISB5                            00000005
TRISB6                            00000006
TRISB7                            00000007
TRISC                             00000087
TRISC0                            00000000
TRISC1                            00000001
TRISC2                            00000002
TRISC3                            00000003
TRISC4                            00000004
TRISC5                            00000005
TRISC6                            00000006
TRISC7                            00000007
TRISD                             00000088
TRISD0                            00000000
TRISD1                            00000001
TRISD2                            00000002
TRISD3                            00000003
TRISD4                            00000004
TRISD5                            00000005
TRISD6                            00000006
TRISD7                            00000007
TRISE                             00000089
TRISE0                            00000000
TRISE1                            00000001
TRISE2                            00000002
TRMT                              00000001
TX8_9                             00000006
TX9                               00000006
TX9D                              00000000
TXD8                              00000000
TXEN                              00000005
TXIE                              00000004
TXIF                              00000004
MPASM  5.43                          LAB2.ASM   2-16-2018  14:56:47         PAGE 13


SYMBOL TABLE
  LABEL                             VALUE 

TXREG                             00000019
TXSTA                             00000098
UA                                00000001
VERY_DELAY                        00000022
VERY_OUTER_DELAY_AMOUNT           00000004
VERY_OUTER_LOOP                   00000078
W                                 00000000
WCOL                              00000007
WR                                00000001
WREN                              00000002
WRERR                             00000003
Z                                 00000002
_BODEN_OFF                        00003FBF
_BODEN_ON                         00003FFF
_BOREN_OFF                        00003FBF
_BOREN_ON                         00003FFF
_CONFIG                           00002007
_CPD_OFF                          00003FFF
_CPD_ON                           00003EFF
_CP_ALL                           00001FFF
_CP_OFF                           00003FFF
_CP_ON                            00001FFF
_DEBUG_OFF                        00003FFF
_DEBUG_ON                         000037FF
_DEVID1                           00002006
_FOSC_EXTRC                       00003FFF
_FOSC_HS                          00003FFE
_FOSC_LP                          00003FFC
_FOSC_XT                          00003FFD
_HS_OSC                           00003FFE
_IDLOC0                           00002000
_IDLOC1                           00002001
_IDLOC2                           00002002
_IDLOC3                           00002003
_LP_OSC                           00003FFC
_LVP_OFF                          00003F7F
_LVP_ON                           00003FFF
_PWRTE_OFF                        00003FFF
_PWRTE_ON                         00003FF7
_RC_OSC                           00003FFF
_WDTE_OFF                         00003FFB
_WDTE_ON                          00003FFF
_WDT_OFF                          00003FFB
_WDT_ON                           00003FFF
_WRT_1FOURTH                      00003BFF
_WRT_256                          00003DFF
_WRT_HALF                         000039FF
_WRT_OFF                          00003FFF
_XT_OSC                           00003FFD
__16F877A                         00000001
MPASM  5.43                          LAB2.ASM   2-16-2018  14:56:47         PAGE 14


MEMORY USAGE MAP ('X' = Used,  '-' = Unused)


0000 : XXXXXXXXXXXXXXXX XXXXXXXXXXXXXXXX XXXXXXXXXXXXXXXX XXXXXXXXXXXXXXXX
0040 : XXXXXXXXXXXXXXXX XXXXXXXXXXXXXXXX XXXXXXXXXXXXXXXX XXXXXXXXXXXXXXXX
0080 : XXXXX----------- ---------------- ---------------- ----------------
2000 : -------X-------- ---------------- ---------------- ----------------

All other memory blocks unused.

Program Memory Words Used:   133
Program Memory Words Free:  8059


Errors   :     0
Warnings :     1 reported,     0 suppressed
Messages :     7 reported,     0 suppressed

