MPLINK 4.41, Linker
Linker Map File - Created Mon Feb 12 19:45:45 2018

                                 Section Info
                  Section       Type    Address   Location Size(Bytes)
                ---------  ---------  ---------  ---------  ---------
                   .org_0       code   0x000000    program   0x0000b6
      .config_2007_LAB2.O       code   0x002007    program   0x000002



                              Program Memory Usage 
                               Start         End      
                           ---------   ---------      
                            0x000000    0x00005a      
                            0x002007    0x002007      
            92 out of 8454 program addresses used, program memory utilization is 1%



                              Symbols - Sorted by Name
                     Name    Address   Location    Storage File                     
                ---------  ---------  ---------  --------- ---------                
                DELAY_SEC   0x00004e    program     static J:\Academics\Spring\2018\Realtime\SE-4130\Lab2\lab2.asm
             DISPLAY_MODE   0x000013    program     static J:\Academics\Spring\2018\Realtime\SE-4130\Lab2\lab2.asm
            GETBITPATTERN   0x000022    program     static J:\Academics\Spring\2018\Realtime\SE-4130\Lab2\lab2.asm
               INNER_LOOP   0x000054    program     static J:\Academics\Spring\2018\Realtime\SE-4130\Lab2\lab2.asm
                MAIN_LOOP   0x000011    program     static J:\Academics\Spring\2018\Realtime\SE-4130\Lab2\lab2.asm
                  MA_MODE   0x00001f    program     static J:\Academics\Spring\2018\Realtime\SE-4130\Lab2\lab2.asm
               OUTER_LOOP   0x000054    program     static J:\Academics\Spring\2018\Realtime\SE-4130\Lab2\lab2.asm
              SETUPSTRING   0x000043    program     static J:\Academics\Spring\2018\Realtime\SE-4130\Lab2\lab2.asm
          VERY_OUTER_LOOP   0x000054    program     static J:\Academics\Spring\2018\Realtime\SE-4130\Lab2\lab2.asm



                              Symbols - Sorted by Address
                     Name    Address   Location    Storage File                     
                ---------  ---------  ---------  --------- ---------                
                MAIN_LOOP   0x000011    program     static J:\Academics\Spring\2018\Realtime\SE-4130\Lab2\lab2.asm
             DISPLAY_MODE   0x000013    program     static J:\Academics\Spring\2018\Realtime\SE-4130\Lab2\lab2.asm
                  MA_MODE   0x00001f    program     static J:\Academics\Spring\2018\Realtime\SE-4130\Lab2\lab2.asm
            GETBITPATTERN   0x000022    program     static J:\Academics\Spring\2018\Realtime\SE-4130\Lab2\lab2.asm
              SETUPSTRING   0x000043    program     static J:\Academics\Spring\2018\Realtime\SE-4130\Lab2\lab2.asm
                DELAY_SEC   0x00004e    program     static J:\Academics\Spring\2018\Realtime\SE-4130\Lab2\lab2.asm
               INNER_LOOP   0x000054    program     static J:\Academics\Spring\2018\Realtime\SE-4130\Lab2\lab2.asm
               OUTER_LOOP   0x000054    program     static J:\Academics\Spring\2018\Realtime\SE-4130\Lab2\lab2.asm
          VERY_OUTER_LOOP   0x000054    program     static J:\Academics\Spring\2018\Realtime\SE-4130\Lab2\lab2.asm


