MPLINK 4.41, Linker
Linker Map File - Created Wed Feb 28 12:53:02 2018

                                 Section Info
                  Section       Type    Address   Location Size(Bytes)
                ---------  ---------  ---------  ---------  ---------
                   .org_0       code   0x000000    program   0x000002
                   .org_1       code   0x000004    program   0x0000fa
      .config_2007_LAB3.O       code   0x002007    program   0x000002



                              Program Memory Usage 
                               Start         End      
                           ---------   ---------      
                            0x000000    0x000000      
                            0x000004    0x000080      
                            0x002007    0x002007      
            127 out of 8454 program addresses used, program memory utilization is 1%



                              Symbols - Sorted by Name
                     Name    Address   Location    Storage File                     
                ---------  ---------  ---------  --------- ---------                
                    DELAY   0x00006f    program     static J:\Academics\Spring\2018\Realtime\SE-4130\Lab3-Rename\lab3.asm
                END_DELAY   0x00006d    program     static J:\Academics\Spring\2018\Realtime\SE-4130\Lab3-Rename\lab3.asm
               END_HANDLE   0x000014    program     static J:\Academics\Spring\2018\Realtime\SE-4130\Lab3-Rename\lab3.asm
               INNER_LOOP   0x000073    program     static J:\Academics\Spring\2018\Realtime\SE-4130\Lab3-Rename\lab3.asm
                 INTF_INT   0x000011    program     static J:\Academics\Spring\2018\Realtime\SE-4130\Lab3-Rename\lab3.asm
                     MAIN   0x000019    program     static J:\Academics\Spring\2018\Realtime\SE-4130\Lab3-Rename\lab3.asm
                MAIN_LOOP   0x00003d    program     static J:\Academics\Spring\2018\Realtime\SE-4130\Lab3-Rename\lab3.asm
               OUTER_LOOP   0x000071    program     static J:\Academics\Spring\2018\Realtime\SE-4130\Lab3-Rename\lab3.asm
                    RB1_0   0x000040    program     static J:\Academics\Spring\2018\Realtime\SE-4130\Lab3-Rename\lab3.asm
              RB1_0_RB2_0   0x000042    program     static J:\Academics\Spring\2018\Realtime\SE-4130\Lab3-Rename\lab3.asm
              RB1_0_RB2_1   0x00004d    program     static J:\Academics\Spring\2018\Realtime\SE-4130\Lab3-Rename\lab3.asm
                    RB1_1   0x000058    program     static J:\Academics\Spring\2018\Realtime\SE-4130\Lab3-Rename\lab3.asm
              RB1_1_RB2_0   0x00005a    program     static J:\Academics\Spring\2018\Realtime\SE-4130\Lab3-Rename\lab3.asm
              RB1_1_RB2_1   0x000063    program     static J:\Academics\Spring\2018\Realtime\SE-4130\Lab3-Rename\lab3.asm
                 TMR0_INT   0x00000c    program     static J:\Academics\Spring\2018\Realtime\SE-4130\Lab3-Rename\lab3.asm



                              Symbols - Sorted by Address
                     Name    Address   Location    Storage File                     
                ---------  ---------  ---------  --------- ---------                
                 TMR0_INT   0x00000c    program     static J:\Academics\Spring\2018\Realtime\SE-4130\Lab3-Rename\lab3.asm
                 INTF_INT   0x000011    program     static J:\Academics\Spring\2018\Realtime\SE-4130\Lab3-Rename\lab3.asm
               END_HANDLE   0x000014    program     static J:\Academics\Spring\2018\Realtime\SE-4130\Lab3-Rename\lab3.asm
                     MAIN   0x000019    program     static J:\Academics\Spring\2018\Realtime\SE-4130\Lab3-Rename\lab3.asm
                MAIN_LOOP   0x00003d    program     static J:\Academics\Spring\2018\Realtime\SE-4130\Lab3-Rename\lab3.asm
                    RB1_0   0x000040    program     static J:\Academics\Spring\2018\Realtime\SE-4130\Lab3-Rename\lab3.asm
              RB1_0_RB2_0   0x000042    program     static J:\Academics\Spring\2018\Realtime\SE-4130\Lab3-Rename\lab3.asm
              RB1_0_RB2_1   0x00004d    program     static J:\Academics\Spring\2018\Realtime\SE-4130\Lab3-Rename\lab3.asm
                    RB1_1   0x000058    program     static J:\Academics\Spring\2018\Realtime\SE-4130\Lab3-Rename\lab3.asm
              RB1_1_RB2_0   0x00005a    program     static J:\Academics\Spring\2018\Realtime\SE-4130\Lab3-Rename\lab3.asm
              RB1_1_RB2_1   0x000063    program     static J:\Academics\Spring\2018\Realtime\SE-4130\Lab3-Rename\lab3.asm
                END_DELAY   0x00006d    program     static J:\Academics\Spring\2018\Realtime\SE-4130\Lab3-Rename\lab3.asm
                    DELAY   0x00006f    program     static J:\Academics\Spring\2018\Realtime\SE-4130\Lab3-Rename\lab3.asm
               OUTER_LOOP   0x000071    program     static J:\Academics\Spring\2018\Realtime\SE-4130\Lab3-Rename\lab3.asm
               INNER_LOOP   0x000073    program     static J:\Academics\Spring\2018\Realtime\SE-4130\Lab3-Rename\lab3.asm


